// Jest Snapshot v1, https://goo.gl/fbAQLP

exports[`Testing the happy path should run the happy path for credential OpenBadgeCredential 1`] = `
{
  "body": "",
  "status": 200,
}
`;

exports[`Testing the happy path should run the happy path for credential UniversityDegreeCredential 1`] = `
{
  "body": "",
  "status": 200,
}
`;

exports[`Testing the happy path should run the happy path for credential UniversityDegreeCredential-sdjwt 1`] = `
{
  "body": "",
  "status": 200,
}
`;
